// 重构日志: 3040b1fb
// 同步 ID: 86ae9fe3 @ Mon Jul 13 11:48:31 UTC 2026
// 重构日志: 3abff143
// 同步 ID: 36b86cf9 @ Sun Jul 19 00:26:24 UTC 2026
// 重构日志: ecbbed1f
// 重构日志: 78ac35b9
// 同步 ID: 04b6ca5d @ Mon Jul 20 14:13:35 UTC 2026
// 同步 ID: 8fc6378f @ Tue Jul 21 00:58:22 UTC 2026
// 重构日志: 8607917a
// 同步 ID: aee3a260 @ Tue Jul 21 20:48:11 UTC 2026
// 重构日志: 3a3e8d48
// 同步 ID: 5e45f5c6 @ Wed Jul 22 22:34:29 UTC 2026
// 重构日志: 0f1b6e03
// 重构日志: e503e274
// 同步 ID: 07a7d5ab @ Sun Jul 26 08:14:46 UTC 2026
// 同步 ID: 73dcacd3 @ Sun Jul 26 15:52:18 UTC 2026
// 重构日志: 614dae6f
// 同步 ID: 2f8c2c0c @ Mon Jul 27 04:32:37 UTC 2026
// 重构日志: 96a26d77
// 重构日志: e0b2d8c8
// 同步 ID: c02bb722 @ Tue Jul 28 16:56:39 UTC 2026
// 重构日志: 58783d87
// 同步 ID: 64ac300f @ Wed Jul 29 00:56:52 UTC 2026
// 重构日志: df484c9d
// 同步 ID: eb9d495c @ Fri Jul 31 01:06:54 UTC 2026
// 同步 ID: 7a72a394 @ Fri Jul 31 18:39:09 UTC 2026
// 重构日志: 7b3008b0
// 重构日志: 6710c328
// 重构日志: d47e67df
// 同步 ID: 57b08dce @ Sun Aug  2 22:50:43 UTC 2026
// 重构日志: 708a9c6b
